// Jest Snapshot v1, https://goo.gl/fbAQLP

exports[`App Renders properly 1`] = `
ShallowWrapper {
  "length": 1,
  Symbol(enzyme.__root__): [Circular],
  Symbol(enzyme.__unrendered__): <App />,
  Symbol(enzyme.__renderer__): Object {
    "batchedUpdates": [Function],
    "getNode": [Function],
    "render": [Function],
    "simulateEvent": [Function],
    "unmount": [Function],
  },
  Symbol(enzyme.__node__): Object {
    "instance": null,
    "key": null,
    "nodeType": "host",
    "props": Object {
      "children": Array [
        <Connect(Header) />,
        <Grid
          bsClass="container"
          componentClass="div"
          fluid={false}
        >
          <Row
            bsClass="row"
            componentClass="div"
          >
            <Col
              bsClass="col"
              componentClass="div"
              sm={12}
            >
              <Connect(WeatherForecast) />
            </Col>
          </Row>
          <Row
            bsClass="row"
            componentClass="div"
          >
            <Col
              bsClass="col"
              componentClass="div"
              sm={6}
              smOffset={3}
            >
              <Connect(Statistics) />
            </Col>
          </Row>
        </Grid>,
      ],
    },
    "ref": null,
    "rendered": Array [
      Object {
        "instance": null,
        "key": null,
        "nodeType": "class",
        "props": Object {},
        "ref": null,
        "rendered": null,
        "type": [Function],
      },
      Object {
        "instance": null,
        "key": null,
        "nodeType": "class",
        "props": Object {
          "bsClass": "container",
          "children": Array [
            <Row
              bsClass="row"
              componentClass="div"
            >
              <Col
                bsClass="col"
                componentClass="div"
                sm={12}
              >
                <Connect(WeatherForecast) />
              </Col>
            </Row>,
            <Row
              bsClass="row"
              componentClass="div"
            >
              <Col
                bsClass="col"
                componentClass="div"
                sm={6}
                smOffset={3}
              >
                <Connect(Statistics) />
              </Col>
            </Row>,
          ],
          "componentClass": "div",
          "fluid": false,
        },
        "ref": null,
        "rendered": Array [
          Object {
            "instance": null,
            "key": null,
            "nodeType": "class",
            "props": Object {
              "bsClass": "row",
              "children": <Col
                bsClass="col"
                componentClass="div"
                sm={12}
              >
                <Connect(WeatherForecast) />
              </Col>,
              "componentClass": "div",
            },
            "ref": null,
            "rendered": Object {
              "instance": null,
              "key": null,
              "nodeType": "class",
              "props": Object {
                "bsClass": "col",
                "children": <Connect(WeatherForecast) />,
                "componentClass": "div",
                "sm": 12,
              },
              "ref": null,
              "rendered": Object {
                "instance": null,
                "key": null,
                "nodeType": "class",
                "props": Object {},
                "ref": null,
                "rendered": null,
                "type": [Function],
              },
              "type": [Function],
            },
            "type": [Function],
          },
          Object {
            "instance": null,
            "key": null,
            "nodeType": "class",
            "props": Object {
              "bsClass": "row",
              "children": <Col
                bsClass="col"
                componentClass="div"
                sm={6}
                smOffset={3}
              >
                <Connect(Statistics) />
              </Col>,
              "componentClass": "div",
            },
            "ref": null,
            "rendered": Object {
              "instance": null,
              "key": null,
              "nodeType": "class",
              "props": Object {
                "bsClass": "col",
                "children": <Connect(Statistics) />,
                "componentClass": "div",
                "sm": 6,
                "smOffset": 3,
              },
              "ref": null,
              "rendered": Object {
                "instance": null,
                "key": null,
                "nodeType": "class",
                "props": Object {},
                "ref": null,
                "rendered": null,
                "type": [Function],
              },
              "type": [Function],
            },
            "type": [Function],
          },
        ],
        "type": [Function],
      },
    ],
    "type": "div",
  },
  Symbol(enzyme.__nodes__): Array [
    Object {
      "instance": null,
      "key": null,
      "nodeType": "host",
      "props": Object {
        "children": Array [
          <Connect(Header) />,
          <Grid
            bsClass="container"
            componentClass="div"
            fluid={false}
          >
            <Row
              bsClass="row"
              componentClass="div"
            >
              <Col
                bsClass="col"
                componentClass="div"
                sm={12}
              >
                <Connect(WeatherForecast) />
              </Col>
            </Row>
            <Row
              bsClass="row"
              componentClass="div"
            >
              <Col
                bsClass="col"
                componentClass="div"
                sm={6}
                smOffset={3}
              >
                <Connect(Statistics) />
              </Col>
            </Row>
          </Grid>,
        ],
      },
      "ref": null,
      "rendered": Array [
        Object {
          "instance": null,
          "key": null,
          "nodeType": "class",
          "props": Object {},
          "ref": null,
          "rendered": null,
          "type": [Function],
        },
        Object {
          "instance": null,
          "key": null,
          "nodeType": "class",
          "props": Object {
            "bsClass": "container",
            "children": Array [
              <Row
                bsClass="row"
                componentClass="div"
              >
                <Col
                  bsClass="col"
                  componentClass="div"
                  sm={12}
                >
                  <Connect(WeatherForecast) />
                </Col>
              </Row>,
              <Row
                bsClass="row"
                componentClass="div"
              >
                <Col
                  bsClass="col"
                  componentClass="div"
                  sm={6}
                  smOffset={3}
                >
                  <Connect(Statistics) />
                </Col>
              </Row>,
            ],
            "componentClass": "div",
            "fluid": false,
          },
          "ref": null,
          "rendered": Array [
            Object {
              "instance": null,
              "key": null,
              "nodeType": "class",
              "props": Object {
                "bsClass": "row",
                "children": <Col
                  bsClass="col"
                  componentClass="div"
                  sm={12}
                >
                  <Connect(WeatherForecast) />
                </Col>,
                "componentClass": "div",
              },
              "ref": null,
              "rendered": Object {
                "instance": null,
                "key": null,
                "nodeType": "class",
                "props": Object {
                  "bsClass": "col",
                  "children": <Connect(WeatherForecast) />,
                  "componentClass": "div",
                  "sm": 12,
                },
                "ref": null,
                "rendered": Object {
                  "instance": null,
                  "key": null,
                  "nodeType": "class",
                  "props": Object {},
                  "ref": null,
                  "rendered": null,
                  "type": [Function],
                },
                "type": [Function],
              },
              "type": [Function],
            },
            Object {
              "instance": null,
              "key": null,
              "nodeType": "class",
              "props": Object {
                "bsClass": "row",
                "children": <Col
                  bsClass="col"
                  componentClass="div"
                  sm={6}
                  smOffset={3}
                >
                  <Connect(Statistics) />
                </Col>,
                "componentClass": "div",
              },
              "ref": null,
              "rendered": Object {
                "instance": null,
                "key": null,
                "nodeType": "class",
                "props": Object {
                  "bsClass": "col",
                  "children": <Connect(Statistics) />,
                  "componentClass": "div",
                  "sm": 6,
                  "smOffset": 3,
                },
                "ref": null,
                "rendered": Object {
                  "instance": null,
                  "key": null,
                  "nodeType": "class",
                  "props": Object {},
                  "ref": null,
                  "rendered": null,
                  "type": [Function],
                },
                "type": [Function],
              },
              "type": [Function],
            },
          ],
          "type": [Function],
        },
      ],
      "type": "div",
    },
  ],
  Symbol(enzyme.__options__): Object {
    "adapter": ReactSixteenAdapter {
      "options": Object {
        "enableComponentDidUpdateOnSetState": true,
      },
    },
  },
}
`;
