// Jest Snapshot v1, https://goo.gl/fbAQLP

exports[`Statistics Renders properly 1`] = `
ShallowWrapper {
  "length": 1,
  Symbol(enzyme.__root__): [Circular],
  Symbol(enzyme.__unrendered__): <Statistics
    error={false}
    loading={false}
    rainyDays={0}
    sunnyDays={0}
  />,
  Symbol(enzyme.__renderer__): Object {
    "batchedUpdates": [Function],
    "getNode": [Function],
    "render": [Function],
    "simulateEvent": [Function],
    "unmount": [Function],
  },
  Symbol(enzyme.__node__): Object {
    "instance": null,
    "key": null,
    "nodeType": "class",
    "props": Object {
      "bsClass": "list-group",
      "children": Array [
        <ListGroupItem
          bsClass="list-group-item"
          bsStyle="warning"
          listItem={false}
        >
          <strong>
            Sunny Days:
          </strong>
           
          0
        </ListGroupItem>,
        <ListGroupItem
          bsClass="list-group-item"
          bsStyle="info"
          listItem={false}
        >
          <strong>
            Rainy Days:
          </strong>
           
          0
        </ListGroupItem>,
      ],
    },
    "ref": null,
    "rendered": Array [
      Object {
        "instance": null,
        "key": null,
        "nodeType": "class",
        "props": Object {
          "bsClass": "list-group-item",
          "bsStyle": "warning",
          "children": Array [
            <strong>
              Sunny Days:
            </strong>,
            " ",
            0,
          ],
          "listItem": false,
        },
        "ref": null,
        "rendered": Array [
          Object {
            "instance": null,
            "key": null,
            "nodeType": "host",
            "props": Object {
              "children": "Sunny Days:",
            },
            "ref": null,
            "rendered": "Sunny Days:",
            "type": "strong",
          },
          " ",
          0,
        ],
        "type": [Function],
      },
      Object {
        "instance": null,
        "key": null,
        "nodeType": "class",
        "props": Object {
          "bsClass": "list-group-item",
          "bsStyle": "info",
          "children": Array [
            <strong>
              Rainy Days:
            </strong>,
            " ",
            0,
          ],
          "listItem": false,
        },
        "ref": null,
        "rendered": Array [
          Object {
            "instance": null,
            "key": null,
            "nodeType": "host",
            "props": Object {
              "children": "Rainy Days:",
            },
            "ref": null,
            "rendered": "Rainy Days:",
            "type": "strong",
          },
          " ",
          0,
        ],
        "type": [Function],
      },
    ],
    "type": [Function],
  },
  Symbol(enzyme.__nodes__): Array [
    Object {
      "instance": null,
      "key": null,
      "nodeType": "class",
      "props": Object {
        "bsClass": "list-group",
        "children": Array [
          <ListGroupItem
            bsClass="list-group-item"
            bsStyle="warning"
            listItem={false}
          >
            <strong>
              Sunny Days:
            </strong>
             
            0
          </ListGroupItem>,
          <ListGroupItem
            bsClass="list-group-item"
            bsStyle="info"
            listItem={false}
          >
            <strong>
              Rainy Days:
            </strong>
             
            0
          </ListGroupItem>,
        ],
      },
      "ref": null,
      "rendered": Array [
        Object {
          "instance": null,
          "key": null,
          "nodeType": "class",
          "props": Object {
            "bsClass": "list-group-item",
            "bsStyle": "warning",
            "children": Array [
              <strong>
                Sunny Days:
              </strong>,
              " ",
              0,
            ],
            "listItem": false,
          },
          "ref": null,
          "rendered": Array [
            Object {
              "instance": null,
              "key": null,
              "nodeType": "host",
              "props": Object {
                "children": "Sunny Days:",
              },
              "ref": null,
              "rendered": "Sunny Days:",
              "type": "strong",
            },
            " ",
            0,
          ],
          "type": [Function],
        },
        Object {
          "instance": null,
          "key": null,
          "nodeType": "class",
          "props": Object {
            "bsClass": "list-group-item",
            "bsStyle": "info",
            "children": Array [
              <strong>
                Rainy Days:
              </strong>,
              " ",
              0,
            ],
            "listItem": false,
          },
          "ref": null,
          "rendered": Array [
            Object {
              "instance": null,
              "key": null,
              "nodeType": "host",
              "props": Object {
                "children": "Rainy Days:",
              },
              "ref": null,
              "rendered": "Rainy Days:",
              "type": "strong",
            },
            " ",
            0,
          ],
          "type": [Function],
        },
      ],
      "type": [Function],
    },
  ],
  Symbol(enzyme.__options__): Object {
    "adapter": ReactSixteenAdapter {
      "options": Object {
        "enableComponentDidUpdateOnSetState": true,
      },
    },
  },
}
`;
